// Jest Snapshot v1, https://goo.gl/fbAQLP

exports[`Missions should render the Missions component 1`] = `
<div
  className="container"
>
  <table
    className="table"
  >
    <thead>
      <tr>
        <th
          className="th"
        >
          Mission
        </th>
        <th
          className="th"
        >
          Description
        </th>
        <th
          className="th"
        >
          Status
        </th>
        <th
          className="th"
        >
          Join
        </th>
      </tr>
    </thead>
    <tbody>
      <tr
        className="tr"
      >
        <th
          className="th"
        />
        <td
          className="td"
        >
          The Falcon 1 was an expendable launch system privately developed and manufactured by SpaceX during 2006-2009
        </td>
        <td
          className="td"
        >
          <button
            className="notMember"
            type="button"
          >
            Not a member
          </button>
        </td>
        <td
          className="td"
        >
          <button
            className="join"
            onClick={[Function]}
            type="button"
          >
            Join Mission
          </button>
        </td>
      </tr>
    </tbody>
  </table>
</div>
`;
